********************************************************************************
                        Threshold Voltage Group Report                         

Vth Group                All                Blackbox           Non-blackbox
Name                    cells                cells                cells
********************************************************************************
hvt                    14   (0.89%)          0   (0.00%)         14   (0.89%)   
lvt                   952  (60.56%)          0   (0.00%)        952  (60.56%)   
nvt                   606  (38.55%)          0   (0.00%)        606  (38.55%)   
********************************************************************************
Total                1572 (100.00%)          0   (0.00%)       1572 (100.00%)   

Vth Group                All                Blackbox           Non-blackbox
Name                  cell area            cell area            cell area
********************************************************************************
hvt                 17.79   (0.41%)       0.00   (0.00%)      17.79   (0.41%)   
lvt               2657.33  (61.28%)       0.00   (0.00%)    2657.33  (61.28%)   
nvt               1661.34  (38.31%)       0.00   (0.00%)    1661.34  (38.31%)   
********************************************************************************
Total             4336.46 (100.00%)       0.00   (0.00%)    4336.46 (100.00%)   
1
