********************************************************************************
                        Threshold Voltage Group Report                         

Vth Group                All                Blackbox           Non-blackbox
Name                    cells                cells                cells
********************************************************************************
hvt                   714  (99.86%)          0   (0.00%)        714  (99.86%)   
nvt                     1   (0.14%)          0   (0.00%)          1   (0.14%)   
********************************************************************************
Total                 715 (100.00%)          0   (0.00%)        715 (100.00%)   

Vth Group                All                Blackbox           Non-blackbox
Name                  cell area            cell area            cell area
********************************************************************************
hvt               2761.53  (99.93%)       0.00   (0.00%)    2761.53  (99.93%)   
nvt                  2.03   (0.07%)       0.00   (0.00%)       2.03   (0.07%)   
********************************************************************************
Total             2763.56 (100.00%)       0.00   (0.00%)    2763.56 (100.00%)   
1
