 
****************************************
Report : qor
Design : HDL_Complex_Multiplier
Version: P-2019.03-SP3
Date   : Tue Feb 23 13:24:08 2021
****************************************


  Timing Path Group 'clk'
  -----------------------------------
  Levels of Logic:              10.00
  Critical Path Length:          1.35
  Critical Path Slack:           0.00
  Critical Path Clk Period:      1.43
  Total Negative Slack:          0.00
  No. of Violating Paths:        0.00
  Worst Hold Violation:          0.00
  Total Hold Violation:          0.00
  No. of Hold Violations:        0.00
  -----------------------------------


  Cell Count
  -----------------------------------
  Hierarchical Cell Count:          0
  Hierarchical Port Count:          0
  Leaf Cell Count:               1580
  Buf/Inv Cell Count:             188
  Buf Cell Count:                   5
  Inv Cell Count:                 183
  CT Buf/Inv Cell Count:            0
  Combinational Cell Count:      1385
  Sequential Cell Count:          195
  Macro Count:                      0
  -----------------------------------


  Area
  -----------------------------------
  Combinational Area:     3023.551172
  Noncombinational Area:  1291.305706
  Buf/Inv Area:            249.315265
  Total Buffer Area:            10.67
  Total Inverter Area:         238.64
  Macro/Black Box Area:      0.000000
  Net Area:               1122.216436
  -----------------------------------
  Cell Area:              4314.856877
  Design Area:            5437.073313


  Design Rules
  -----------------------------------
  Total Number of Nets:          1738
  Nets With Violations:             0
  Max Trans Violations:             0
  Max Cap Violations:               0
  -----------------------------------


  Hostname: rhel77vdi012

  Compile CPU Statistics
  -----------------------------------------
  Resource Sharing:                    0.32
  Logic Optimization:                  3.07
  Mapping Optimization:               40.03
  -----------------------------------------
  Overall Compile Time:               70.51
  Overall Compile Wall Clock Time:    72.36

  --------------------------------------------------------------------

  Design  WNS: 0.00  TNS: 0.00  Number of Violating Paths: 0


  Design (Hold)  WNS: 0.00  TNS: 0.00  Number of Violating Paths: 0

  --------------------------------------------------------------------


1
