********************************************************************************
                        Threshold Voltage Group Report                         

Vth Group                All                Blackbox           Non-blackbox
Name                    cells                cells                cells
********************************************************************************
hvt                    56   (3.77%)          0   (0.00%)         56   (3.77%)   
lvt                   711  (47.88%)          0   (0.00%)        711  (47.88%)   
nvt                   718  (48.35%)          0   (0.00%)        718  (48.35%)   
********************************************************************************
Total                1485 (100.00%)          0   (0.00%)       1485 (100.00%)   

Vth Group                All                Blackbox           Non-blackbox
Name                  cell area            cell area            cell area
********************************************************************************
hvt                 78.53   (1.86%)       0.00   (0.00%)      78.53   (1.86%)   
lvt               2157.17  (51.09%)       0.00   (0.00%)    2157.17  (51.09%)   
nvt               1986.64  (47.05%)       0.00   (0.00%)    1986.64  (47.05%)   
********************************************************************************
Total             4222.35 (100.00%)       0.00   (0.00%)    4222.35 (100.00%)   
1
