********************************************************************************
                        Threshold Voltage Group Report                         

Vth Group                All                Blackbox           Non-blackbox
Name                    cells                cells                cells
********************************************************************************
hvt                    19   (1.22%)          0   (0.00%)         19   (1.22%)   
lvt                  1075  (69.09%)          0   (0.00%)       1075  (69.09%)   
nvt                   462  (29.69%)          0   (0.00%)        462  (29.69%)   
********************************************************************************
Total                1556 (100.00%)          0   (0.00%)       1556 (100.00%)   

Vth Group                All                Blackbox           Non-blackbox
Name                  cell area            cell area            cell area
********************************************************************************
hvt                 24.14   (0.56%)       0.00   (0.00%)      24.14   (0.56%)   
lvt               3012.88  (69.58%)       0.00   (0.00%)    3012.88  (69.58%)   
nvt               1293.34  (29.87%)       0.00   (0.00%)    1293.34  (29.87%)   
********************************************************************************
Total             4330.36 (100.00%)       0.00   (0.00%)    4330.36 (100.00%)   
1
