 
****************************************
Report : qor
Design : HDL_Complex_Multiplier
Version: P-2019.03-SP3
Date   : Tue Feb 23 13:22:54 2021
****************************************


  Timing Path Group 'clk'
  -----------------------------------
  Levels of Logic:              14.00
  Critical Path Length:          1.29
  Critical Path Slack:           0.00
  Critical Path Clk Period:      1.38
  Total Negative Slack:          0.00
  No. of Violating Paths:        0.00
  Worst Hold Violation:          0.00
  Total Hold Violation:          0.00
  No. of Hold Violations:        0.00
  -----------------------------------


  Cell Count
  -----------------------------------
  Hierarchical Cell Count:          0
  Hierarchical Port Count:          0
  Leaf Cell Count:               1572
  Buf/Inv Cell Count:             184
  Buf Cell Count:                   6
  Inv Cell Count:                 178
  CT Buf/Inv Cell Count:            0
  Combinational Cell Count:      1377
  Sequential Cell Count:          195
  Macro Count:                      0
  -----------------------------------


  Area
  -----------------------------------
  Combinational Area:     3044.899267
  Noncombinational Area:  1291.559849
  Buf/Inv Area:            246.519681
  Total Buffer Area:            14.49
  Total Inverter Area:         232.03
  Macro/Black Box Area:      0.000000
  Net Area:               1128.046512
  -----------------------------------
  Cell Area:              4336.459116
  Design Area:            5464.505629


  Design Rules
  -----------------------------------
  Total Number of Nets:          1730
  Nets With Violations:             0
  Max Trans Violations:             0
  Max Cap Violations:               0
  -----------------------------------


  Hostname: rhel77vdi012

  Compile CPU Statistics
  -----------------------------------------
  Resource Sharing:                    0.32
  Logic Optimization:                  3.03
  Mapping Optimization:               38.12
  -----------------------------------------
  Overall Compile Time:               77.93
  Overall Compile Wall Clock Time:    79.89

  --------------------------------------------------------------------

  Design  WNS: 0.00  TNS: 0.00  Number of Violating Paths: 0


  Design (Hold)  WNS: 0.00  TNS: 0.00  Number of Violating Paths: 0

  --------------------------------------------------------------------


1
