********************************************************************************
                        Threshold Voltage Group Report                         

Vth Group                All                Blackbox           Non-blackbox
Name                    cells                cells                cells
********************************************************************************
hvt                    18   (1.14%)          0   (0.00%)         18   (1.14%)   
lvt                   868  (54.94%)          0   (0.00%)        868  (54.94%)   
nvt                   694  (43.92%)          0   (0.00%)        694  (43.92%)   
********************************************************************************
Total                1580 (100.00%)          0   (0.00%)       1580 (100.00%)   

Vth Group                All                Blackbox           Non-blackbox
Name                  cell area            cell area            cell area
********************************************************************************
hvt                 22.87   (0.53%)       0.00   (0.00%)      22.87   (0.53%)   
lvt               2343.72  (54.32%)       0.00   (0.00%)    2343.72  (54.32%)   
nvt               1948.27  (45.15%)       0.00   (0.00%)    1948.27  (45.15%)   
********************************************************************************
Total             4314.86 (100.00%)       0.00   (0.00%)    4314.86 (100.00%)   
1
