********************************************************************************
                        Threshold Voltage Group Report                         

Vth Group                All                Blackbox           Non-blackbox
Name                    cells                cells                cells
********************************************************************************
hvt                  1235  (81.63%)          0   (0.00%)       1235  (81.63%)   
lvt                     1   (0.07%)          0   (0.00%)          1   (0.07%)   
nvt                   277  (18.31%)          0   (0.00%)        277  (18.31%)   
********************************************************************************
Total                1513 (100.00%)          0   (0.00%)       1513 (100.00%)   

Vth Group                All                Blackbox           Non-blackbox
Name                  cell area            cell area            cell area
********************************************************************************
hvt               3613.93  (81.69%)       0.00   (0.00%)    3613.93  (81.69%)   
lvt                  1.52   (0.03%)       0.00   (0.00%)       1.52   (0.03%)   
nvt                808.69  (18.28%)       0.00   (0.00%)     808.69  (18.28%)   
********************************************************************************
Total             4424.14 (100.00%)       0.00   (0.00%)    4424.14 (100.00%)   
1
