********************************************************************************
                        Threshold Voltage Group Report                         

Vth Group                All                Blackbox           Non-blackbox
Name                    cells                cells                cells
********************************************************************************
hvt                    18   (1.10%)          0   (0.00%)         18   (1.10%)   
lvt                  1301  (79.82%)          0   (0.00%)       1301  (79.82%)   
nvt                   311  (19.08%)          0   (0.00%)        311  (19.08%)   
********************************************************************************
Total                1630 (100.00%)          0   (0.00%)       1630 (100.00%)   

Vth Group                All                Blackbox           Non-blackbox
Name                  cell area            cell area            cell area
********************************************************************************
hvt                 22.87   (0.51%)       0.00   (0.00%)      22.87   (0.51%)   
lvt               3649.00  (82.09%)       0.00   (0.00%)    3649.00  (82.09%)   
nvt                773.36  (17.40%)       0.00   (0.00%)     773.36  (17.40%)   
********************************************************************************
Total             4445.23 (100.00%)       0.00   (0.00%)    4445.23 (100.00%)   
1
