********************************************************************************
                        Threshold Voltage Group Report                         

Vth Group                All                Blackbox           Non-blackbox
Name                    cells                cells                cells
********************************************************************************
hvt                     9   (0.61%)          0   (0.00%)          9   (0.61%)   
lvt                   638  (43.43%)          0   (0.00%)        638  (43.43%)   
nvt                   822  (55.96%)          0   (0.00%)        822  (55.96%)   
********************************************************************************
Total                1469 (100.00%)          0   (0.00%)       1469 (100.00%)   

Vth Group                All                Blackbox           Non-blackbox
Name                  cell area            cell area            cell area
********************************************************************************
hvt                 16.52   (0.39%)       0.00   (0.00%)      16.52   (0.39%)   
lvt               1899.22  (45.11%)       0.00   (0.00%)    1899.22  (45.11%)   
nvt               2294.16  (54.49%)       0.00   (0.00%)    2294.16  (54.49%)   
********************************************************************************
Total             4209.90 (100.00%)       0.00   (0.00%)    4209.90 (100.00%)   
1
