 
****************************************
Report : area
Design : HDL_Complex_Multiplier
Version: P-2019.03-SP3
Date   : Tue Feb 23 13:29:20 2021
****************************************

Information: Updating design information... (UID-85)
Library(s) Used:

    saed32hvt_ss0p75v125c (File: /usr/local/synopsys/SAED32_EDK/lib/stdcell_hvt/db_nldm/saed32hvt_ss0p75v125c.db)
    saed32rvt_ss0p75v125c (File: /usr/local/synopsys/SAED32_EDK/lib/stdcell_rvt/db_nldm/saed32rvt_ss0p75v125c.db)

Number of ports:                          199
Number of nets:                          1239
Number of cells:                          999
Number of combinational cells:            800
Number of sequential cells:               195
Number of macros/black boxes:               0
Number of buf/inv:                         44
Number of references:                      27

Combinational area:               1952.842517
Buf/Inv area:                       65.823297
Noncombinational area:            1291.559850
Macro/Black Box area:                0.000000
Net Interconnect area:             858.727123

Total cell area:                  3244.402366
Total area:                       4103.129490
1
