 
****************************************
Report : area
Design : HDL_Complex_Multiplier
Version: P-2019.03-SP3
Date   : Tue Feb 23 12:59:02 2021
****************************************

Information: Updating design information... (UID-85)
Library(s) Used:

    saed32rvt_ss0p75v125c (File: /usr/local/synopsys/SAED32_EDK/lib/stdcell_rvt/db_nldm/saed32rvt_ss0p75v125c.db)

Number of ports:                          199
Number of nets:                          1999
Number of cells:                         1762
Number of combinational cells:           1559
Number of sequential cells:               195
Number of macros/black boxes:               0
Number of buf/inv:                        258
Number of references:                      39

Combinational area:               3214.413323
Buf/Inv area:                      365.967363
Noncombinational area:            1290.543274
Macro/Black Box area:                0.000000
Net Interconnect area:            1083.103958

Total cell area:                  4504.956597
Total area:                       5588.060555
1
