********************************************************************************
                        Threshold Voltage Group Report                         

Vth Group                All                Blackbox           Non-blackbox
Name                    cells                cells                cells
********************************************************************************
hvt                  1422  (99.79%)          0   (0.00%)       1422  (99.79%)   
nvt                     3   (0.21%)          0   (0.00%)          3   (0.21%)   
********************************************************************************
Total                1425 (100.00%)          0   (0.00%)       1425 (100.00%)   

Vth Group                All                Blackbox           Non-blackbox
Name                  cell area            cell area            cell area
********************************************************************************
hvt               4203.80  (99.78%)       0.00   (0.00%)    4203.80  (99.78%)   
nvt                  9.40   (0.22%)       0.00   (0.00%)       9.40   (0.22%)   
********************************************************************************
Total             4213.20 (100.00%)       0.00   (0.00%)    4213.20 (100.00%)   
1
