********************************************************************************
                        Threshold Voltage Group Report                         

Vth Group                All                Blackbox           Non-blackbox
Name                    cells                cells                cells
********************************************************************************
hvt                  1085  (98.19%)          0   (0.00%)       1085  (98.19%)   
nvt                    20   (1.81%)          0   (0.00%)         20   (1.81%)   
********************************************************************************
Total                1105 (100.00%)          0   (0.00%)       1105 (100.00%)   

Vth Group                All                Blackbox           Non-blackbox
Name                  cell area            cell area            cell area
********************************************************************************
hvt               3416.46  (97.56%)       0.00   (0.00%)    3416.46  (97.56%)   
nvt                 85.39   (2.44%)       0.00   (0.00%)      85.39   (2.44%)   
********************************************************************************
Total             3501.85 (100.00%)       0.00   (0.00%)    3501.85 (100.00%)   
1
