********************************************************************************
                        Threshold Voltage Group Report                         

Vth Group                All                Blackbox           Non-blackbox
Name                    cells                cells                cells
********************************************************************************
hvt                  1322  (90.80%)          0   (0.00%)       1322  (90.80%)   
lvt                    15   (1.03%)          0   (0.00%)         15   (1.03%)   
nvt                   119   (8.17%)          0   (0.00%)        119   (8.17%)   
********************************************************************************
Total                1456 (100.00%)          0   (0.00%)       1456 (100.00%)   

Vth Group                All                Blackbox           Non-blackbox
Name                  cell area            cell area            cell area
********************************************************************************
hvt               3839.61  (90.42%)       0.00   (0.00%)    3839.61  (90.42%)   
lvt                 39.39   (0.93%)       0.00   (0.00%)      39.39   (0.93%)   
nvt                367.24   (8.65%)       0.00   (0.00%)     367.24   (8.65%)   
********************************************************************************
Total             4246.24 (100.00%)       0.00   (0.00%)    4246.24 (100.00%)   
1
