********************************************************************************
                        Threshold Voltage Group Report                         

Vth Group                All                Blackbox           Non-blackbox
Name                    cells                cells                cells
********************************************************************************
hvt                  1303  (82.47%)          0   (0.00%)       1303  (82.47%)   
lvt                     1   (0.06%)          0   (0.00%)          1   (0.06%)   
nvt                   276  (17.47%)          0   (0.00%)        276  (17.47%)   
********************************************************************************
Total                1580 (100.00%)          0   (0.00%)       1580 (100.00%)   

Vth Group                All                Blackbox           Non-blackbox
Name                  cell area            cell area            cell area
********************************************************************************
hvt               3621.04  (83.39%)       0.00   (0.00%)    3621.04  (83.39%)   
lvt                  2.54   (0.06%)       0.00   (0.00%)       2.54   (0.06%)   
nvt                718.47  (16.55%)       0.00   (0.00%)     718.47  (16.55%)   
********************************************************************************
Total             4342.05 (100.00%)       0.00   (0.00%)    4342.05 (100.00%)   
1
