********************************************************************************
                        Threshold Voltage Group Report                         

Vth Group                All                Blackbox           Non-blackbox
Name                    cells                cells                cells
********************************************************************************
hvt                  1156  (73.07%)          0   (0.00%)       1156  (73.07%)   
lvt                    20   (1.26%)          0   (0.00%)         20   (1.26%)   
nvt                   406  (25.66%)          0   (0.00%)        406  (25.66%)   
********************************************************************************
Total                1582 (100.00%)          0   (0.00%)       1582 (100.00%)   

Vth Group                All                Blackbox           Non-blackbox
Name                  cell area            cell area            cell area
********************************************************************************
hvt               3220.77  (74.31%)       0.00   (0.00%)    3220.77  (74.31%)   
lvt                 50.32   (1.16%)       0.00   (0.00%)      50.32   (1.16%)   
nvt               1063.34  (24.53%)       0.00   (0.00%)    1063.34  (24.53%)   
********************************************************************************
Total             4334.43 (100.00%)       0.00   (0.00%)    4334.43 (100.00%)   
1
