 
****************************************
Report : area
Design : HDL_Complex_Multiplier
Version: P-2019.03-SP3
Date   : Tue Feb 23 12:37:50 2021
****************************************

Information: Updating design information... (UID-85)
Library(s) Used:

    saed32hvt_ss0p95v125c (File: /usr/local/synopsys/SAED32_EDK/lib/stdcell_hvt/db_nldm/saed32hvt_ss0p95v125c.db)
    saed32rvt_ss0p95v125c (File: /usr/local/synopsys/SAED32_EDK/lib/stdcell_rvt/db_nldm/saed32rvt_ss0p95v125c.db)
    saed32lvt_ss0p95v125c (File: /usr/local/synopsys/SAED32_EDK/lib/stdcell_lvt/db_nldm/saed32lvt_ss0p95v125c.db)

Number of ports:                          199
Number of nets:                          1839
Number of cells:                         1599
Number of combinational cells:           1398
Number of sequential cells:               195
Number of macros/black boxes:               0
Number of buf/inv:                        206
Number of references:                      66

Combinational area:               3032.954494
Buf/Inv area:                      272.696513
Noncombinational area:            1290.543274
Macro/Black Box area:                0.000000
Net Interconnect area:            1048.179911

Total cell area:                  4323.497768
Total area:                       5371.677679
1
