********************************************************************************
                        Threshold Voltage Group Report                         

Vth Group                All                Blackbox           Non-blackbox
Name                    cells                cells                cells
********************************************************************************
hvt                  1037  (65.02%)          0   (0.00%)       1037  (65.02%)   
lvt                   113   (7.08%)          0   (0.00%)        113   (7.08%)   
nvt                   445  (27.90%)          0   (0.00%)        445  (27.90%)   
********************************************************************************
Total                1595 (100.00%)          0   (0.00%)       1595 (100.00%)   

Vth Group                All                Blackbox           Non-blackbox
Name                  cell area            cell area            cell area
********************************************************************************
hvt               2920.37  (67.60%)       0.00   (0.00%)    2920.37  (67.60%)   
lvt                309.80   (7.17%)       0.00   (0.00%)     309.80   (7.17%)   
nvt               1089.77  (25.23%)       0.00   (0.00%)    1089.77  (25.23%)   
********************************************************************************
Total             4319.94 (100.00%)       0.00   (0.00%)    4319.94 (100.00%)   
1
