********************************************************************************
                        Threshold Voltage Group Report                         

Vth Group                All                Blackbox           Non-blackbox
Name                    cells                cells                cells
********************************************************************************
hvt                   818  (95.01%)          0   (0.00%)        818  (95.01%)   
nvt                    43   (4.99%)          0   (0.00%)         43   (4.99%)   
********************************************************************************
Total                 861 (100.00%)          0   (0.00%)        861 (100.00%)   

Vth Group                All                Blackbox           Non-blackbox
Name                  cell area            cell area            cell area
********************************************************************************
hvt               2701.80  (92.95%)       0.00   (0.00%)    2701.80  (92.95%)   
nvt                204.84   (7.05%)       0.00   (0.00%)     204.84   (7.05%)   
********************************************************************************
Total             2906.64 (100.00%)       0.00   (0.00%)    2906.64 (100.00%)   
1
