 
****************************************
Report : qor
Design : HDL_Complex_Multiplier
Version: P-2019.03-SP3
Date   : Tue Feb 23 12:45:21 2021
****************************************


  Timing Path Group 'clk'
  -----------------------------------
  Levels of Logic:              12.00
  Critical Path Length:          1.81
  Critical Path Slack:           0.01
  Critical Path Clk Period:      1.92
  Total Negative Slack:          0.00
  No. of Violating Paths:        0.00
  Worst Hold Violation:          0.00
  Total Hold Violation:          0.00
  No. of Hold Violations:        0.00
  -----------------------------------


  Cell Count
  -----------------------------------
  Hierarchical Cell Count:          0
  Hierarchical Port Count:          0
  Leaf Cell Count:               1425
  Buf/Inv Cell Count:             146
  Buf Cell Count:                   6
  Inv Cell Count:                 140
  CT Buf/Inv Cell Count:            0
  Combinational Cell Count:      1230
  Sequential Cell Count:          195
  Macro Count:                      0
  -----------------------------------


  Area
  -----------------------------------
  Combinational Area:     2924.689122
  Noncombinational Area:  1288.510122
  Buf/Inv Area:            195.945025
  Total Buffer Area:            14.99
  Total Inverter Area:         180.95
  Macro/Black Box Area:      0.000000
  Net Area:               1013.985007
  -----------------------------------
  Cell Area:              4213.199244
  Design Area:            5227.184251


  Design Rules
  -----------------------------------
  Total Number of Nets:          1563
  Nets With Violations:             0
  Max Trans Violations:             0
  Max Cap Violations:               0
  -----------------------------------


  Hostname: rhel77vdi012

  Compile CPU Statistics
  -----------------------------------------
  Resource Sharing:                    0.30
  Logic Optimization:                  3.37
  Mapping Optimization:                8.76
  -----------------------------------------
  Overall Compile Time:               37.09
  Overall Compile Wall Clock Time:    38.79

  --------------------------------------------------------------------

  Design  WNS: 0.00  TNS: 0.00  Number of Violating Paths: 0


  Design (Hold)  WNS: 0.00  TNS: 0.00  Number of Violating Paths: 0

  --------------------------------------------------------------------


1
