********************************************************************************
                        Threshold Voltage Group Report                         

Vth Group                All                Blackbox           Non-blackbox
Name                    cells                cells                cells
********************************************************************************
hvt                  1297  (99.77%)          0   (0.00%)       1297  (99.77%)   
nvt                     3   (0.23%)          0   (0.00%)          3   (0.23%)   
********************************************************************************
Total                1300 (100.00%)          0   (0.00%)       1300 (100.00%)   

Vth Group                All                Blackbox           Non-blackbox
Name                  cell area            cell area            cell area
********************************************************************************
hvt               3869.34  (99.86%)       0.00   (0.00%)    3869.34  (99.86%)   
nvt                  5.59   (0.14%)       0.00   (0.00%)       5.59   (0.14%)   
********************************************************************************
Total             3874.93 (100.00%)       0.00   (0.00%)    3874.93 (100.00%)   
1
