********************************************************************************
                        Threshold Voltage Group Report                         

Vth Group                All                Blackbox           Non-blackbox
Name                    cells                cells                cells
********************************************************************************
hvt                  1391  (96.26%)          0   (0.00%)       1391  (96.26%)   
nvt                    54   (3.74%)          0   (0.00%)         54   (3.74%)   
********************************************************************************
Total                1445 (100.00%)          0   (0.00%)       1445 (100.00%)   

Vth Group                All                Blackbox           Non-blackbox
Name                  cell area            cell area            cell area
********************************************************************************
hvt               4103.92  (96.75%)       0.00   (0.00%)    4103.92  (96.75%)   
nvt                137.75   (3.25%)       0.00   (0.00%)     137.75   (3.25%)   
********************************************************************************
Total             4241.66 (100.00%)       0.00   (0.00%)    4241.66 (100.00%)   
1
