********************************************************************************
                        Threshold Voltage Group Report                         

Vth Group                All                Blackbox           Non-blackbox
Name                    cells                cells                cells
********************************************************************************
hvt                   109   (6.87%)          0   (0.00%)        109   (6.87%)   
lvt                  1049  (66.14%)          0   (0.00%)       1049  (66.14%)   
nvt                   428  (26.99%)          0   (0.00%)        428  (26.99%)   
********************************************************************************
Total                1586 (100.00%)          0   (0.00%)       1586 (100.00%)   

Vth Group                All                Blackbox           Non-blackbox
Name                  cell area            cell area            cell area
********************************************************************************
hvt                180.44   (4.17%)       0.00   (0.00%)     180.44   (4.17%)   
lvt               2809.56  (64.99%)       0.00   (0.00%)    2809.56  (64.99%)   
nvt               1332.99  (30.83%)       0.00   (0.00%)    1332.99  (30.83%)   
********************************************************************************
Total             4322.99 (100.00%)       0.00   (0.00%)    4322.99 (100.00%)   
1
