********************************************************************************
                        Threshold Voltage Group Report                         

Vth Group                All                Blackbox           Non-blackbox
Name                    cells                cells                cells
********************************************************************************
hvt                    51   (3.06%)          0   (0.00%)         51   (3.06%)   
lvt                  1452  (87.15%)          0   (0.00%)       1452  (87.15%)   
nvt                   163   (9.78%)          0   (0.00%)        163   (9.78%)   
********************************************************************************
Total                1666 (100.00%)          0   (0.00%)       1666 (100.00%)   

Vth Group                All                Blackbox           Non-blackbox
Name                  cell area            cell area            cell area
********************************************************************************
hvt                 82.85   (1.85%)       0.00   (0.00%)      82.85   (1.85%)   
lvt               3976.59  (88.98%)       0.00   (0.00%)    3976.59  (88.98%)   
nvt                409.68   (9.17%)       0.00   (0.00%)     409.68   (9.17%)   
********************************************************************************
Total             4469.12 (100.00%)       0.00   (0.00%)    4469.12 (100.00%)   
1
