********************************************************************************
                        Threshold Voltage Group Report                         

Vth Group                All                Blackbox           Non-blackbox
Name                    cells                cells                cells
********************************************************************************
hvt                    69   (4.24%)          0   (0.00%)         69   (4.24%)   
lvt                  1345  (82.72%)          0   (0.00%)       1345  (82.72%)   
nvt                   212  (13.04%)          0   (0.00%)        212  (13.04%)   
********************************************************************************
Total                1626 (100.00%)          0   (0.00%)       1626 (100.00%)   

Vth Group                All                Blackbox           Non-blackbox
Name                  cell area            cell area            cell area
********************************************************************************
hvt                134.70   (3.04%)       0.00   (0.00%)     134.70   (3.04%)   
lvt               3789.03  (85.44%)       0.00   (0.00%)    3789.03  (85.44%)   
nvt                511.08  (11.52%)       0.00   (0.00%)     511.08  (11.52%)   
********************************************************************************
Total             4434.81 (100.00%)       0.00   (0.00%)    4434.81 (100.00%)   
1
