********************************************************************************
                        Threshold Voltage Group Report                         

Vth Group                All                Blackbox           Non-blackbox
Name                    cells                cells                cells
********************************************************************************
hvt                    92   (5.53%)          0   (0.00%)         92   (5.53%)   
lvt                  1324  (79.62%)          0   (0.00%)       1324  (79.62%)   
nvt                   247  (14.85%)          0   (0.00%)        247  (14.85%)   
********************************************************************************
Total                1663 (100.00%)          0   (0.00%)       1663 (100.00%)   

Vth Group                All                Blackbox           Non-blackbox
Name                  cell area            cell area            cell area
********************************************************************************
hvt                161.64   (3.61%)       0.00   (0.00%)     161.64   (3.61%)   
lvt               3594.61  (80.18%)       0.00   (0.00%)    3594.61  (80.18%)   
nvt                727.11  (16.22%)       0.00   (0.00%)     727.11  (16.22%)   
********************************************************************************
Total             4483.35 (100.00%)       0.00   (0.00%)    4483.35 (100.00%)   
1
