********************************************************************************
                        Threshold Voltage Group Report                         

Vth Group                All                Blackbox           Non-blackbox
Name                    cells                cells                cells
********************************************************************************
hvt                   219  (15.53%)          0   (0.00%)        219  (15.53%)   
lvt                   703  (49.86%)          0   (0.00%)        703  (49.86%)   
nvt                   488  (34.61%)          0   (0.00%)        488  (34.61%)   
********************************************************************************
Total                1410 (100.00%)          0   (0.00%)       1410 (100.00%)   

Vth Group                All                Blackbox           Non-blackbox
Name                  cell area            cell area            cell area
********************************************************************************
hvt                643.75  (15.52%)       0.00   (0.00%)     643.75  (15.52%)   
lvt               1918.28  (46.24%)       0.00   (0.00%)    1918.28  (46.24%)   
nvt               1586.37  (38.24%)       0.00   (0.00%)    1586.37  (38.24%)   
********************************************************************************
Total             4148.39 (100.00%)       0.00   (0.00%)    4148.39 (100.00%)   
1
