********************************************************************************
                        Threshold Voltage Group Report                         

Vth Group                All                Blackbox           Non-blackbox
Name                    cells                cells                cells
********************************************************************************
hvt                    45   (2.71%)          0   (0.00%)         45   (2.71%)   
lvt                  1411  (85.10%)          0   (0.00%)       1411  (85.10%)   
nvt                   202  (12.18%)          0   (0.00%)        202  (12.18%)   
********************************************************************************
Total                1658 (100.00%)          0   (0.00%)       1658 (100.00%)   

Vth Group                All                Blackbox           Non-blackbox
Name                  cell area            cell area            cell area
********************************************************************************
hvt                 95.05   (2.10%)       0.00   (0.00%)      95.05   (2.10%)   
lvt               3954.99  (87.35%)       0.00   (0.00%)    3954.99  (87.35%)   
nvt                477.79  (10.55%)       0.00   (0.00%)     477.79  (10.55%)   
********************************************************************************
Total             4527.83 (100.00%)       0.00   (0.00%)    4527.83 (100.00%)   
1
