 
****************************************
Report : power
        -analysis_effort low
Design : HDL_Complex_Multiplier
Version: P-2019.03-SP3
Date   : Tue Feb 23 14:12:45 2021
****************************************


Library(s) Used:

    saed32hvt_ss0p7v125c (File: /usr/local/synopsys/SAED32_EDK/lib/stdcell_hvt/db_nldm/saed32hvt_ss0p7v125c.db)


Operating Conditions: ss0p7v125c   Library: saed32rvt_ss0p7v125c
Wire Load Model Mode: enclosed

Design        Wire Load Model            Library
------------------------------------------------
HDL_Complex_Multiplier 8000              saed32rvt_ss0p7v125c


Global Operating Voltage = 0.7  
Power-specific unit information :
    Voltage Units = 1V
    Capacitance Units = 1.000000ff
    Time Units = 1ns
    Dynamic Power Units = 1uW    (derived from V,C,T units)
    Leakage Power Units = 1pW


  Cell Internal Power  = 564.3904 nW   (97%)
  Net Switching Power  =  18.5188 nW    (3%)
                         ---------
Total Dynamic Power    = 582.9092 nW  (100%)

Cell Leakage Power     =  12.4539 uW


                 Internal         Switching           Leakage            Total
Power Group      Power            Power               Power              Power   (   %    )  Attrs
--------------------------------------------------------------------------------------------------
io_pad             0.0000            0.0000            0.0000            0.0000  (   0.00%)
memory             0.0000            0.0000            0.0000            0.0000  (   0.00%)
black_box          0.0000            0.0000            0.0000            0.0000  (   0.00%)
clock_network      0.0000            0.0000            0.0000            0.0000  (   0.00%)
register           0.5356        4.4275e-03        7.3543e+06            7.8943  (  60.55%)
sequential         0.0000            0.0000            0.0000            0.0000  (   0.00%)
combinational  2.8795e-02        1.4091e-02        5.0995e+06            5.1424  (  39.45%)
--------------------------------------------------------------------------------------------------
Total              0.5644 uW     1.8519e-02 uW     1.2454e+07 pW        13.0368 uW
1
