********************************************************************************
                        Threshold Voltage Group Report                         

Vth Group                All                Blackbox           Non-blackbox
Name                    cells                cells                cells
********************************************************************************
hvt                   155  (10.52%)          0   (0.00%)        155  (10.52%)   
lvt                   794  (53.90%)          0   (0.00%)        794  (53.90%)   
nvt                   524  (35.57%)          0   (0.00%)        524  (35.57%)   
********************************************************************************
Total                1473 (100.00%)          0   (0.00%)       1473 (100.00%)   

Vth Group                All                Blackbox           Non-blackbox
Name                  cell area            cell area            cell area
********************************************************************************
hvt                317.93   (7.51%)       0.00   (0.00%)     317.93   (7.51%)   
lvt               2167.59  (51.23%)       0.00   (0.00%)    2167.59  (51.23%)   
nvt               1745.72  (41.26%)       0.00   (0.00%)    1745.72  (41.26%)   
********************************************************************************
Total             4231.24 (100.00%)       0.00   (0.00%)    4231.24 (100.00%)   
1
