 
****************************************
Report : power
        -analysis_effort low
Design : HDL_Complex_Multiplier
Version: P-2019.03-SP3
Date   : Tue Feb 23 14:12:08 2021
****************************************


Library(s) Used:

    saed32hvt_ss0p7v125c (File: /usr/local/synopsys/SAED32_EDK/lib/stdcell_hvt/db_nldm/saed32hvt_ss0p7v125c.db)


Operating Conditions: ss0p7v125c   Library: saed32rvt_ss0p7v125c
Wire Load Model Mode: enclosed

Design        Wire Load Model            Library
------------------------------------------------
HDL_Complex_Multiplier 8000              saed32rvt_ss0p7v125c


Global Operating Voltage = 0.7  
Power-specific unit information :
    Voltage Units = 1V
    Capacitance Units = 1.000000ff
    Time Units = 1ns
    Dynamic Power Units = 1uW    (derived from V,C,T units)
    Leakage Power Units = 1pW


  Cell Internal Power  =   5.6457 uW   (97%)
  Net Switching Power  = 185.2133 nW    (3%)
                         ---------
Total Dynamic Power    =   5.8309 uW  (100%)

Cell Leakage Power     =  12.4429 uW


                 Internal         Switching           Leakage            Total
Power Group      Power            Power               Power              Power   (   %    )  Attrs
--------------------------------------------------------------------------------------------------
io_pad             0.0000            0.0000            0.0000            0.0000  (   0.00%)
memory             0.0000            0.0000            0.0000            0.0000  (   0.00%)
black_box          0.0000            0.0000            0.0000            0.0000  (   0.00%)
clock_network      0.0000            0.0000            0.0000            0.0000  (   0.00%)
register           5.3568        4.5142e-02        7.3543e+06           12.7563  (  69.81%)
sequential         0.0000            0.0000            0.0000            0.0000  (   0.00%)
combinational      0.2888            0.1401        5.0885e+06            5.5175  (  30.19%)
--------------------------------------------------------------------------------------------------
Total              5.6457 uW         0.1852 uW     1.2443e+07 pW        18.2738 uW
1
