 
****************************************
Report : area
Design : HDL_Complex_Multiplier
Version: P-2019.03-SP3
Date   : Tue Feb 23 14:09:24 2021
****************************************

Information: Updating design information... (UID-85)
Library(s) Used:

    saed32lvt_ss0p7v125c (File: /usr/local/synopsys/SAED32_EDK/lib/stdcell_lvt/db_nldm/saed32lvt_ss0p7v125c.db)
    saed32rvt_ss0p7v125c (File: /usr/local/synopsys/SAED32_EDK/lib/stdcell_rvt/db_nldm/saed32rvt_ss0p7v125c.db)
    saed32hvt_ss0p7v125c (File: /usr/local/synopsys/SAED32_EDK/lib/stdcell_hvt/db_nldm/saed32hvt_ss0p7v125c.db)

Number of ports:                          199
Number of nets:                          1614
Number of cells:                         1477
Number of combinational cells:           1278
Number of sequential cells:               195
Number of macros/black boxes:               0
Number of buf/inv:                        161
Number of references:                      59

Combinational area:               2940.954352
Buf/Inv area:                      220.596993
Noncombinational area:            1290.289130
Macro/Black Box area:                0.000000
Net Interconnect area:            1023.393144

Total cell area:                  4231.243482
Total area:                       5254.636626
1
