 
****************************************
Report : timing
        -path full
        -delay max
        -max_paths 1
Design : HDL_Complex_Multiplier
Version: P-2019.03-SP3
Date   : Tue Feb 23 13:50:51 2021
****************************************

Operating Conditions: ss0p7v125c   Library: saed32rvt_ss0p7v125c
Wire Load Model Mode: enclosed

  Startpoint: Delay2_out1_reg[2]
              (rising edge-triggered flip-flop clocked by clk)
  Endpoint: Delay3_out1_reg[62]
            (rising edge-triggered flip-flop clocked by clk)
  Path Group: clk
  Path Type: max

  Des/Clust/Port     Wire Load Model       Library
  ------------------------------------------------
  HDL_Complex_Multiplier
                     8000                  saed32rvt_ss0p7v125c

  Point                                                   Incr       Path
  --------------------------------------------------------------------------
  clock clk (rise edge)                                   0.00       0.00
  clock network delay (ideal)                             0.00       0.00
  Delay2_out1_reg[2]/CLK (DFFASX1_RVT)                    0.00       0.00 r
  Delay2_out1_reg[2]/QN (DFFASX1_RVT)                     0.27       0.27 f
  U472/Y (INVX0_RVT)                                      0.11       0.38 r
  U473/Y (INVX0_RVT)                                      0.13       0.50 f
  U479/Y (INVX0_RVT)                                      0.30       0.80 r
  U480/Y (INVX0_RVT)                                      0.34       1.14 f
  U493/Y (NBUFFX2_RVT)                                    0.35       1.49 f
  U483/Y (INVX0_RVT)                                      0.28       1.77 r
  U637/Y (AO22X1_RVT)                                     0.31       2.08 r
  intadd_13/U64/CO (FADDX1_RVT)                           0.27       2.34 r
  intadd_13/U63/CO (FADDX1_RVT)                           0.26       2.61 r
  intadd_13/U62/CO (FADDX1_RVT)                           0.26       2.87 r
  intadd_13/U61/CO (FADDX1_RVT)                           0.26       3.12 r
  intadd_13/U60/CO (FADDX1_RVT)                           0.26       3.38 r
  intadd_13/U59/CO (FADDX1_RVT)                           0.26       3.64 r
  intadd_13/U58/CO (FADDX1_RVT)                           0.26       3.90 r
  intadd_13/U57/CO (FADDX1_RVT)                           0.26       4.16 r
  intadd_13/U56/CO (FADDX1_RVT)                           0.26       4.42 r
  intadd_13/U55/CO (FADDX1_RVT)                           0.26       4.68 r
  intadd_13/U54/CO (FADDX1_RVT)                           0.26       4.94 r
  intadd_13/U53/CO (FADDX1_RVT)                           0.26       5.20 r
  intadd_13/U52/CO (FADDX1_RVT)                           0.26       5.46 r
  intadd_13/U51/CO (FADDX1_RVT)                           0.26       5.72 r
  intadd_13/U50/CO (FADDX1_RVT)                           0.26       5.98 r
  intadd_13/U49/CO (FADDX1_RVT)                           0.26       6.24 r
  intadd_13/U48/CO (FADDX1_RVT)                           0.26       6.50 r
  intadd_13/U47/CO (FADDX1_RVT)                           0.26       6.76 r
  intadd_13/U46/CO (FADDX1_RVT)                           0.26       7.02 r
  intadd_13/U45/CO (FADDX1_RVT)                           0.26       7.28 r
  intadd_13/U44/CO (FADDX1_RVT)                           0.26       7.54 r
  intadd_13/U43/CO (FADDX1_RVT)                           0.26       7.80 r
  intadd_13/U42/CO (FADDX1_RVT)                           0.26       8.06 r
  intadd_13/U41/CO (FADDX1_RVT)                           0.26       8.32 r
  intadd_13/U40/CO (FADDX1_RVT)                           0.26       8.58 r
  intadd_13/U39/CO (FADDX1_RVT)                           0.26       8.84 r
  intadd_13/U38/CO (FADDX1_RVT)                           0.26       9.09 r
  intadd_13/U37/CO (FADDX1_RVT)                           0.26       9.35 r
  intadd_13/U36/CO (FADDX1_RVT)                           0.26       9.61 r
  intadd_13/U35/CO (FADDX1_RVT)                           0.26       9.87 r
  intadd_13/U34/CO (FADDX1_RVT)                           0.26      10.13 r
  intadd_13/U33/CO (FADDX1_RVT)                           0.26      10.39 r
  intadd_13/U32/CO (FADDX1_RVT)                           0.26      10.65 r
  intadd_13/U31/CO (FADDX1_RVT)                           0.26      10.91 r
  intadd_13/U30/CO (FADDX1_RVT)                           0.26      11.17 r
  intadd_13/U29/CO (FADDX1_RVT)                           0.26      11.43 r
  intadd_13/U28/CO (FADDX1_RVT)                           0.26      11.69 r
  intadd_13/U27/CO (FADDX1_RVT)                           0.26      11.95 r
  intadd_13/U26/CO (FADDX1_RVT)                           0.26      12.21 r
  intadd_13/U25/CO (FADDX1_RVT)                           0.26      12.47 r
  intadd_13/U24/CO (FADDX1_RVT)                           0.26      12.73 r
  intadd_13/U23/CO (FADDX1_RVT)                           0.26      12.99 r
  intadd_13/U22/CO (FADDX1_RVT)                           0.26      13.25 r
  intadd_13/U21/CO (FADDX1_RVT)                           0.26      13.51 r
  intadd_13/U20/CO (FADDX1_RVT)                           0.26      13.77 r
  intadd_13/U19/CO (FADDX1_RVT)                           0.26      14.03 r
  intadd_13/U18/CO (FADDX1_RVT)                           0.26      14.29 r
  intadd_13/U17/CO (FADDX1_RVT)                           0.26      14.55 r
  intadd_13/U16/CO (FADDX1_RVT)                           0.26      14.81 r
  intadd_13/U15/CO (FADDX1_RVT)                           0.26      15.07 r
  intadd_13/U14/CO (FADDX1_RVT)                           0.26      15.32 r
  intadd_13/U13/CO (FADDX1_RVT)                           0.26      15.58 r
  intadd_13/U12/CO (FADDX1_RVT)                           0.26      15.84 r
  intadd_13/U11/CO (FADDX1_RVT)                           0.26      16.10 r
  intadd_13/U10/CO (FADDX1_RVT)                           0.26      16.36 r
  intadd_13/U9/CO (FADDX1_RVT)                            0.26      16.62 r
  intadd_13/U8/CO (FADDX1_RVT)                            0.26      16.88 r
  intadd_13/U7/CO (FADDX1_RVT)                            0.26      17.14 r
  intadd_13/U6/CO (FADDX1_RVT)                            0.26      17.40 r
  intadd_13/U5/CO (FADDX1_RVT)                            0.26      17.66 r
  intadd_13/U4/CO (FADDX1_RVT)                            0.26      17.92 r
  intadd_13/U3/CO (FADDX1_RVT)                            0.26      18.18 r
  intadd_13/U2/S (FADDX1_RVT)                             0.37      18.55 f
  U708/Y (AO22X1_RVT)                                     0.23      18.78 f
  U709/Y (AO221X1_RVT)                                    0.17      18.95 f
  U710/Y (OA222X1_RVT)                                    0.33      19.28 f
  Delay3_out1_reg[62]/D (DFFX1_RVT)                       0.00      19.28 f
  data arrival time                                                 19.28

  clock clk (rise edge)                                 110.00     110.00
  clock network delay (ideal)                             0.00     110.00
  Delay3_out1_reg[62]/CLK (DFFX1_RVT)                     0.00     110.00 r
  library setup time                                     -0.20     109.80
  data required time                                               109.80
  --------------------------------------------------------------------------
  data required time                                               109.80
  data arrival time                                                -19.28
  --------------------------------------------------------------------------
  slack (MET)                                                       90.52


1
