 
****************************************
Report : area
Design : HDL_Complex_Multiplier
Version: P-2019.03-SP3
Date   : Tue Feb 23 13:50:14 2021
****************************************

Information: Updating design information... (UID-85)
Library(s) Used:

    saed32rvt_ss0p7v125c (File: /usr/local/synopsys/SAED32_EDK/lib/stdcell_rvt/db_nldm/saed32rvt_ss0p7v125c.db)

Number of ports:                          199
Number of nets:                          2052
Number of cells:                         1808
Number of combinational cells:           1603
Number of sequential cells:               195
Number of macros/black boxes:               0
Number of buf/inv:                        257
Number of references:                      38

Combinational area:               3285.827788
Buf/Inv area:                      361.392771
Noncombinational area:            1291.051562
Macro/Black Box area:                0.000000
Net Interconnect area:            1119.660246

Total cell area:                  4576.879350
Total area:                       5696.539596
1
