 
****************************************
Report : qor
Design : HDL_Complex_Multiplier
Version: P-2019.03-SP3
Date   : Tue Feb 23 13:42:21 2021
****************************************


  Timing Path Group 'clk'
  -----------------------------------
  Levels of Logic:              15.00
  Critical Path Length:          2.55
  Critical Path Slack:          -1.47
  Critical Path Clk Period:      1.26
  Total Negative Slack:        -86.68
  No. of Violating Paths:       64.00
  Worst Hold Violation:          0.00
  Total Hold Violation:          0.00
  No. of Hold Violations:        0.00
  -----------------------------------


  Cell Count
  -----------------------------------
  Hierarchical Cell Count:          0
  Hierarchical Port Count:          0
  Leaf Cell Count:               1776
  Buf/Inv Cell Count:             257
  Buf Cell Count:                  22
  Inv Cell Count:                 235
  CT Buf/Inv Cell Count:            0
  Combinational Cell Count:      1581
  Sequential Cell Count:          195
  Macro Count:                      0
  -----------------------------------


  Area
  -----------------------------------
  Combinational Area:     3268.291852
  Noncombinational Area:  1290.543274
  Buf/Inv Area:            364.442499
  Total Buffer Area:            59.98
  Total Inverter Area:         304.46
  Macro/Black Box Area:      0.000000
  Net Area:               1097.993202
  -----------------------------------
  Cell Area:              4558.835126
  Design Area:            5656.828327


  Design Rules
  -----------------------------------
  Total Number of Nets:          2022
  Nets With Violations:             0
  Max Trans Violations:             0
  Max Cap Violations:               0
  -----------------------------------


  Hostname: rhel77vdi012

  Compile CPU Statistics
  -----------------------------------------
  Resource Sharing:                    0.31
  Logic Optimization:                  3.12
  Mapping Optimization:               42.55
  -----------------------------------------
  Overall Compile Time:               56.75
  Overall Compile Wall Clock Time:    58.53

  --------------------------------------------------------------------

  Design  WNS: 1.47  TNS: 86.68  Number of Violating Paths: 64


  Design (Hold)  WNS: 0.00  TNS: 0.00  Number of Violating Paths: 0

  --------------------------------------------------------------------


1
