 
****************************************
Report : area
Design : HDL_Complex_Multiplier
Version: P-2019.03-SP3
Date   : Tue Feb 23 13:50:27 2021
****************************************

Information: Updating design information... (UID-85)
Library(s) Used:

    saed32rvt_ss0p7v125c (File: /usr/local/synopsys/SAED32_EDK/lib/stdcell_rvt/db_nldm/saed32rvt_ss0p7v125c.db)

Number of ports:                          199
Number of nets:                          1400
Number of cells:                         1258
Number of combinational cells:           1057
Number of sequential cells:               195
Number of macros/black boxes:               0
Number of buf/inv:                        141
Number of references:                      21

Combinational area:               2487.561449
Buf/Inv area:                      185.016833
Noncombinational area:            1290.034986
Macro/Black Box area:                0.000000
Net Interconnect area:             832.722145

Total cell area:                  3777.596435
Total area:                       4610.318580
1
