 
****************************************
Report : power
        -analysis_effort low
Design : HDL_Complex_Multiplier
Version: P-2019.03-SP3
Date   : Tue Feb 23 12:29:05 2021
****************************************


Library(s) Used:

    saed32rvt_ss0p95v125c (File: /usr/local/synopsys/SAED32_EDK/lib/stdcell_rvt/db_nldm/saed32rvt_ss0p95v125c.db)


Operating Conditions: ss0p95v125c   Library: saed32rvt_ss0p95v125c
Wire Load Model Mode: enclosed

Design        Wire Load Model            Library
------------------------------------------------
HDL_Complex_Multiplier 8000              saed32rvt_ss0p95v125c


Global Operating Voltage = 0.95 
Power-specific unit information :
    Voltage Units = 1V
    Capacitance Units = 1.000000ff
    Time Units = 1ns
    Dynamic Power Units = 1uW    (derived from V,C,T units)
    Leakage Power Units = 1pW


  Cell Internal Power  = 971.9333 uW   (96%)
  Net Switching Power  =  42.7991 uW    (4%)
                         ---------
Total Dynamic Power    =   1.0147 mW  (100%)

Cell Leakage Power     = 194.6947 uW


                 Internal         Switching           Leakage            Total
Power Group      Power            Power               Power              Power   (   %    )  Attrs
--------------------------------------------------------------------------------------------------
io_pad             0.0000            0.0000            0.0000            0.0000  (   0.00%)
memory             0.0000            0.0000            0.0000            0.0000  (   0.00%)
black_box          0.0000            0.0000            0.0000            0.0000  (   0.00%)
clock_network      0.0000            0.0000            0.0000            0.0000  (   0.00%)
register         892.6440            6.4330        1.0040e+08          999.4791  (  82.64%)
sequential         0.0000            0.0000            0.0000            0.0000  (   0.00%)
combinational     79.2894           36.3661        9.4293e+07          209.9482  (  17.36%)
--------------------------------------------------------------------------------------------------
Total            971.9335 uW        42.7991 uW     1.9469e+08 pW     1.2094e+03 uW
1
