 
****************************************
Report : qor
Design : HDL_Complex_Multiplier
Version: P-2019.03-SP3
Date   : Tue Feb 23 12:28:32 2021
****************************************


  Timing Path Group 'clk'
  -----------------------------------
  Levels of Logic:              16.00
  Critical Path Length:          1.16
  Critical Path Slack:           0.00
  Critical Path Clk Period:      1.21
  Total Negative Slack:          0.00
  No. of Violating Paths:        0.00
  Worst Hold Violation:          0.00
  Total Hold Violation:          0.00
  No. of Hold Violations:        0.00
  -----------------------------------


  Cell Count
  -----------------------------------
  Hierarchical Cell Count:          0
  Hierarchical Port Count:          0
  Leaf Cell Count:               1499
  Buf/Inv Cell Count:             152
  Buf Cell Count:                   8
  Inv Cell Count:                 144
  CT Buf/Inv Cell Count:            0
  Combinational Cell Count:      1304
  Sequential Cell Count:          195
  Macro Count:                      0
  -----------------------------------


  Area
  -----------------------------------
  Combinational Area:     3032.954479
  Noncombinational Area:  1290.543274
  Buf/Inv Area:            212.464385
  Total Buffer Area:            27.19
  Total Inverter Area:         185.27
  Macro/Black Box Area:      0.000000
  Net Area:               1037.818931
  -----------------------------------
  Cell Area:              4323.497753
  Design Area:            5361.316684


  Design Rules
  -----------------------------------
  Total Number of Nets:          1653
  Nets With Violations:             0
  Max Trans Violations:             0
  Max Cap Violations:               0
  -----------------------------------


  Hostname: rhel77vdi012

  Compile CPU Statistics
  -----------------------------------------
  Resource Sharing:                    0.32
  Logic Optimization:                  3.94
  Mapping Optimization:                6.99
  -----------------------------------------
  Overall Compile Time:               19.88
  Overall Compile Wall Clock Time:    20.43

  --------------------------------------------------------------------

  Design  WNS: 0.00  TNS: 0.00  Number of Violating Paths: 0


  Design (Hold)  WNS: 0.00  TNS: 0.00  Number of Violating Paths: 0

  --------------------------------------------------------------------


1
