 
****************************************
Report : area
Design : HDL_Complex_Multiplier
Version: P-2019.03-SP3
Date   : Tue Feb 23 12:29:19 2021
****************************************

Information: Updating design information... (UID-85)
Library(s) Used:

    saed32rvt_ss0p95v125c (File: /usr/local/synopsys/SAED32_EDK/lib/stdcell_rvt/db_nldm/saed32rvt_ss0p95v125c.db)

Number of ports:                          199
Number of nets:                          1578
Number of cells:                         1441
Number of combinational cells:           1240
Number of sequential cells:               195
Number of macros/black boxes:               0
Number of buf/inv:                        153
Number of references:                      27

Combinational area:               2941.970914
Buf/Inv area:                      200.519617
Noncombinational area:            1290.034986
Macro/Black Box area:                0.000000
Net Interconnect area:             970.064629

Total cell area:                  4232.005900
Total area:                       5202.070528
1
