 
****************************************
Report : qor
Design : HDL_Complex_Multiplier
Version: P-2019.03-SP3
Date   : Tue Feb 23 12:29:19 2021
****************************************


  Timing Path Group 'clk'
  -----------------------------------
  Levels of Logic:              13.00
  Critical Path Length:          1.31
  Critical Path Slack:           0.00
  Critical Path Clk Period:      1.38
  Total Negative Slack:          0.00
  No. of Violating Paths:        0.00
  Worst Hold Violation:          0.00
  Total Hold Violation:          0.00
  No. of Hold Violations:        0.00
  -----------------------------------


  Cell Count
  -----------------------------------
  Hierarchical Cell Count:          0
  Hierarchical Port Count:          0
  Leaf Cell Count:               1435
  Buf/Inv Cell Count:             153
  Buf Cell Count:                   4
  Inv Cell Count:                 149
  CT Buf/Inv Cell Count:            0
  Combinational Cell Count:      1240
  Sequential Cell Count:          195
  Macro Count:                      0
  -----------------------------------


  Area
  -----------------------------------
  Combinational Area:     2941.970914
  Noncombinational Area:  1290.034986
  Buf/Inv Area:            200.519617
  Total Buffer Area:             8.64
  Total Inverter Area:         191.88
  Macro/Black Box Area:      0.000000
  Net Area:                970.064629
  -----------------------------------
  Cell Area:              4232.005900
  Design Area:            5202.070528


  Design Rules
  -----------------------------------
  Total Number of Nets:          1578
  Nets With Violations:             0
  Max Trans Violations:             0
  Max Cap Violations:               0
  -----------------------------------


  Hostname: rhel77vdi012

  Compile CPU Statistics
  -----------------------------------------
  Resource Sharing:                    0.29
  Logic Optimization:                  1.45
  Mapping Optimization:                2.39
  -----------------------------------------
  Overall Compile Time:               11.57
  Overall Compile Wall Clock Time:    12.55

  --------------------------------------------------------------------

  Design  WNS: 0.00  TNS: 0.00  Number of Violating Paths: 0


  Design (Hold)  WNS: 0.00  TNS: 0.00  Number of Violating Paths: 0

  --------------------------------------------------------------------


1
