 
****************************************
Report : qor
Design : HDL_Complex_Multiplier
Version: P-2019.03-SP3
Date   : Tue Feb 23 11:34:36 2021
****************************************


  Timing Path Group 'clk'
  -----------------------------------
  Levels of Logic:              15.00
  Critical Path Length:          1.05
  Critical Path Slack:           0.00
  Critical Path Clk Period:      1.10
  Total Negative Slack:          0.00
  No. of Violating Paths:        0.00
  Worst Hold Violation:          0.00
  Total Hold Violation:          0.00
  No. of Hold Violations:        0.00
  -----------------------------------


  Cell Count
  -----------------------------------
  Hierarchical Cell Count:          0
  Hierarchical Port Count:          0
  Leaf Cell Count:               1630
  Buf/Inv Cell Count:             190
  Buf Cell Count:                  11
  Inv Cell Count:                 179
  CT Buf/Inv Cell Count:            0
  Combinational Cell Count:      1435
  Sequential Cell Count:          195
  Macro Count:                      0
  -----------------------------------


  Area
  -----------------------------------
  Combinational Area:     3121.904896
  Noncombinational Area:  1290.543274
  Buf/Inv Area:            263.547329
  Total Buffer Area:            32.28
  Total Inverter Area:         231.27
  Macro/Black Box Area:      0.000000
  Net Area:               1100.319809
  -----------------------------------
  Cell Area:              4412.448170
  Design Area:            5512.767979


  Design Rules
  -----------------------------------
  Total Number of Nets:          1813
  Nets With Violations:             0
  Max Trans Violations:             0
  Max Cap Violations:               0
  -----------------------------------


  Hostname: rhel77vdi012

  Compile CPU Statistics
  -----------------------------------------
  Resource Sharing:                    0.27
  Logic Optimization:                  3.48
  Mapping Optimization:               48.34
  -----------------------------------------
  Overall Compile Time:               62.20
  Overall Compile Wall Clock Time:    63.52

  --------------------------------------------------------------------

  Design  WNS: 0.00  TNS: 0.00  Number of Violating Paths: 0


  Design (Hold)  WNS: 0.00  TNS: 0.00  Number of Violating Paths: 0

  --------------------------------------------------------------------


1
